// Jest Snapshot v1, https://goo.gl/fbAQLP

exports[`Tests the mounted Footer component tests the footer of the app against the snapshot 1`] = `
ShallowWrapper {
  Symbol(enzyme.__root__): [Circular],
  Symbol(enzyme.__unrendered__): <_default />,
  Symbol(enzyme.__renderer__): Object {
    "batchedUpdates": [Function],
    "getNode": [Function],
    "render": [Function],
    "simulateError": [Function],
    "simulateEvent": [Function],
    "unmount": [Function],
  },
  Symbol(enzyme.__node__): Object {
    "instance": null,
    "key": undefined,
    "nodeType": "host",
    "props": Object {
      "children": <footer
        className="page-footer relative-bottom font-small unique-color-dark"
      >
        <div
          className="container"
        >
          <div
            className="row"
          >
            <div
              className="col-md-12 py-5"
            >
              <div
                className="mb-5 flex-center"
              >
                <a
                  className="fb-ic"
                >
                  <i
                    className="fa fa-facebook fa-lg white-text mr-md-5 mr-3 fa-2x"
                  />
                </a>
                <a
                  className="tw-ic"
                >
                  <i
                    className="fa fa-twitter fa-lg white-text mr-md-5 mr-3 fa-2x"
                  />
                </a>
                <a
                  className="gplus-ic"
                >
                  <i
                    className="fa fa-google-plus fa-lg white-text mr-md-5 mr-3 fa-2x"
                  />
                </a>
              </div>
            </div>
          </div>
        </div>
        <div
          className="footer-copyright text-center py-3"
        >
          © 2018 Copyright:
          <a
            href="#"
          >
            AuthorsHaven.com
          </a>
        </div>
      </footer>,
    },
    "ref": null,
    "rendered": Object {
      "instance": null,
      "key": undefined,
      "nodeType": "host",
      "props": Object {
        "children": Array [
          <div
            className="container"
          >
            <div
              className="row"
            >
              <div
                className="col-md-12 py-5"
              >
                <div
                  className="mb-5 flex-center"
                >
                  <a
                    className="fb-ic"
                  >
                    <i
                      className="fa fa-facebook fa-lg white-text mr-md-5 mr-3 fa-2x"
                    />
                  </a>
                  <a
                    className="tw-ic"
                  >
                    <i
                      className="fa fa-twitter fa-lg white-text mr-md-5 mr-3 fa-2x"
                    />
                  </a>
                  <a
                    className="gplus-ic"
                  >
                    <i
                      className="fa fa-google-plus fa-lg white-text mr-md-5 mr-3 fa-2x"
                    />
                  </a>
                </div>
              </div>
            </div>
          </div>,
          <div
            className="footer-copyright text-center py-3"
          >
            © 2018 Copyright:
            <a
              href="#"
            >
              AuthorsHaven.com
            </a>
          </div>,
        ],
        "className": "page-footer relative-bottom font-small unique-color-dark",
      },
      "ref": null,
      "rendered": Array [
        Object {
          "instance": null,
          "key": undefined,
          "nodeType": "host",
          "props": Object {
            "children": <div
              className="row"
            >
              <div
                className="col-md-12 py-5"
              >
                <div
                  className="mb-5 flex-center"
                >
                  <a
                    className="fb-ic"
                  >
                    <i
                      className="fa fa-facebook fa-lg white-text mr-md-5 mr-3 fa-2x"
                    />
                  </a>
                  <a
                    className="tw-ic"
                  >
                    <i
                      className="fa fa-twitter fa-lg white-text mr-md-5 mr-3 fa-2x"
                    />
                  </a>
                  <a
                    className="gplus-ic"
                  >
                    <i
                      className="fa fa-google-plus fa-lg white-text mr-md-5 mr-3 fa-2x"
                    />
                  </a>
                </div>
              </div>
            </div>,
            "className": "container",
          },
          "ref": null,
          "rendered": Object {
            "instance": null,
            "key": undefined,
            "nodeType": "host",
            "props": Object {
              "children": <div
                className="col-md-12 py-5"
              >
                <div
                  className="mb-5 flex-center"
                >
                  <a
                    className="fb-ic"
                  >
                    <i
                      className="fa fa-facebook fa-lg white-text mr-md-5 mr-3 fa-2x"
                    />
                  </a>
                  <a
                    className="tw-ic"
                  >
                    <i
                      className="fa fa-twitter fa-lg white-text mr-md-5 mr-3 fa-2x"
                    />
                  </a>
                  <a
                    className="gplus-ic"
                  >
                    <i
                      className="fa fa-google-plus fa-lg white-text mr-md-5 mr-3 fa-2x"
                    />
                  </a>
                </div>
              </div>,
              "className": "row",
            },
            "ref": null,
            "rendered": Object {
              "instance": null,
              "key": undefined,
              "nodeType": "host",
              "props": Object {
                "children": <div
                  className="mb-5 flex-center"
                >
                  <a
                    className="fb-ic"
                  >
                    <i
                      className="fa fa-facebook fa-lg white-text mr-md-5 mr-3 fa-2x"
                    />
                  </a>
                  <a
                    className="tw-ic"
                  >
                    <i
                      className="fa fa-twitter fa-lg white-text mr-md-5 mr-3 fa-2x"
                    />
                  </a>
                  <a
                    className="gplus-ic"
                  >
                    <i
                      className="fa fa-google-plus fa-lg white-text mr-md-5 mr-3 fa-2x"
                    />
                  </a>
                </div>,
                "className": "col-md-12 py-5",
              },
              "ref": null,
              "rendered": Object {
                "instance": null,
                "key": undefined,
                "nodeType": "host",
                "props": Object {
                  "children": Array [
                    <a
                      className="fb-ic"
                    >
                      <i
                        className="fa fa-facebook fa-lg white-text mr-md-5 mr-3 fa-2x"
                      />
                    </a>,
                    <a
                      className="tw-ic"
                    >
                      <i
                        className="fa fa-twitter fa-lg white-text mr-md-5 mr-3 fa-2x"
                      />
                    </a>,
                    <a
                      className="gplus-ic"
                    >
                      <i
                        className="fa fa-google-plus fa-lg white-text mr-md-5 mr-3 fa-2x"
                      />
                    </a>,
                  ],
                  "className": "mb-5 flex-center",
                },
                "ref": null,
                "rendered": Array [
                  Object {
                    "instance": null,
                    "key": undefined,
                    "nodeType": "host",
                    "props": Object {
                      "children": <i
                        className="fa fa-facebook fa-lg white-text mr-md-5 mr-3 fa-2x"
                      />,
                      "className": "fb-ic",
                    },
                    "ref": null,
                    "rendered": Object {
                      "instance": null,
                      "key": undefined,
                      "nodeType": "host",
                      "props": Object {
                        "className": "fa fa-facebook fa-lg white-text mr-md-5 mr-3 fa-2x",
                      },
                      "ref": null,
                      "rendered": null,
                      "type": "i",
                    },
                    "type": "a",
                  },
                  Object {
                    "instance": null,
                    "key": undefined,
                    "nodeType": "host",
                    "props": Object {
                      "children": <i
                        className="fa fa-twitter fa-lg white-text mr-md-5 mr-3 fa-2x"
                      />,
                      "className": "tw-ic",
                    },
                    "ref": null,
                    "rendered": Object {
                      "instance": null,
                      "key": undefined,
                      "nodeType": "host",
                      "props": Object {
                        "className": "fa fa-twitter fa-lg white-text mr-md-5 mr-3 fa-2x",
                      },
                      "ref": null,
                      "rendered": null,
                      "type": "i",
                    },
                    "type": "a",
                  },
                  Object {
                    "instance": null,
                    "key": undefined,
                    "nodeType": "host",
                    "props": Object {
                      "children": <i
                        className="fa fa-google-plus fa-lg white-text mr-md-5 mr-3 fa-2x"
                      />,
                      "className": "gplus-ic",
                    },
                    "ref": null,
                    "rendered": Object {
                      "instance": null,
                      "key": undefined,
                      "nodeType": "host",
                      "props": Object {
                        "className": "fa fa-google-plus fa-lg white-text mr-md-5 mr-3 fa-2x",
                      },
                      "ref": null,
                      "rendered": null,
                      "type": "i",
                    },
                    "type": "a",
                  },
                ],
                "type": "div",
              },
              "type": "div",
            },
            "type": "div",
          },
          "type": "div",
        },
        Object {
          "instance": null,
          "key": undefined,
          "nodeType": "host",
          "props": Object {
            "children": Array [
              "© 2018 Copyright:",
              <a
                href="#"
              >
                AuthorsHaven.com
              </a>,
            ],
            "className": "footer-copyright text-center py-3",
          },
          "ref": null,
          "rendered": Array [
            "© 2018 Copyright:",
            Object {
              "instance": null,
              "key": undefined,
              "nodeType": "host",
              "props": Object {
                "children": "AuthorsHaven.com",
                "href": "#",
              },
              "ref": null,
              "rendered": "AuthorsHaven.com",
              "type": "a",
            },
          ],
          "type": "div",
        },
      ],
      "type": "footer",
    },
    "type": "div",
  },
  Symbol(enzyme.__nodes__): Array [
    Object {
      "instance": null,
      "key": undefined,
      "nodeType": "host",
      "props": Object {
        "children": <footer
          className="page-footer relative-bottom font-small unique-color-dark"
        >
          <div
            className="container"
          >
            <div
              className="row"
            >
              <div
                className="col-md-12 py-5"
              >
                <div
                  className="mb-5 flex-center"
                >
                  <a
                    className="fb-ic"
                  >
                    <i
                      className="fa fa-facebook fa-lg white-text mr-md-5 mr-3 fa-2x"
                    />
                  </a>
                  <a
                    className="tw-ic"
                  >
                    <i
                      className="fa fa-twitter fa-lg white-text mr-md-5 mr-3 fa-2x"
                    />
                  </a>
                  <a
                    className="gplus-ic"
                  >
                    <i
                      className="fa fa-google-plus fa-lg white-text mr-md-5 mr-3 fa-2x"
                    />
                  </a>
                </div>
              </div>
            </div>
          </div>
          <div
            className="footer-copyright text-center py-3"
          >
            © 2018 Copyright:
            <a
              href="#"
            >
              AuthorsHaven.com
            </a>
          </div>
        </footer>,
      },
      "ref": null,
      "rendered": Object {
        "instance": null,
        "key": undefined,
        "nodeType": "host",
        "props": Object {
          "children": Array [
            <div
              className="container"
            >
              <div
                className="row"
              >
                <div
                  className="col-md-12 py-5"
                >
                  <div
                    className="mb-5 flex-center"
                  >
                    <a
                      className="fb-ic"
                    >
                      <i
                        className="fa fa-facebook fa-lg white-text mr-md-5 mr-3 fa-2x"
                      />
                    </a>
                    <a
                      className="tw-ic"
                    >
                      <i
                        className="fa fa-twitter fa-lg white-text mr-md-5 mr-3 fa-2x"
                      />
                    </a>
                    <a
                      className="gplus-ic"
                    >
                      <i
                        className="fa fa-google-plus fa-lg white-text mr-md-5 mr-3 fa-2x"
                      />
                    </a>
                  </div>
                </div>
              </div>
            </div>,
            <div
              className="footer-copyright text-center py-3"
            >
              © 2018 Copyright:
              <a
                href="#"
              >
                AuthorsHaven.com
              </a>
            </div>,
          ],
          "className": "page-footer relative-bottom font-small unique-color-dark",
        },
        "ref": null,
        "rendered": Array [
          Object {
            "instance": null,
            "key": undefined,
            "nodeType": "host",
            "props": Object {
              "children": <div
                className="row"
              >
                <div
                  className="col-md-12 py-5"
                >
                  <div
                    className="mb-5 flex-center"
                  >
                    <a
                      className="fb-ic"
                    >
                      <i
                        className="fa fa-facebook fa-lg white-text mr-md-5 mr-3 fa-2x"
                      />
                    </a>
                    <a
                      className="tw-ic"
                    >
                      <i
                        className="fa fa-twitter fa-lg white-text mr-md-5 mr-3 fa-2x"
                      />
                    </a>
                    <a
                      className="gplus-ic"
                    >
                      <i
                        className="fa fa-google-plus fa-lg white-text mr-md-5 mr-3 fa-2x"
                      />
                    </a>
                  </div>
                </div>
              </div>,
              "className": "container",
            },
            "ref": null,
            "rendered": Object {
              "instance": null,
              "key": undefined,
              "nodeType": "host",
              "props": Object {
                "children": <div
                  className="col-md-12 py-5"
                >
                  <div
                    className="mb-5 flex-center"
                  >
                    <a
                      className="fb-ic"
                    >
                      <i
                        className="fa fa-facebook fa-lg white-text mr-md-5 mr-3 fa-2x"
                      />
                    </a>
                    <a
                      className="tw-ic"
                    >
                      <i
                        className="fa fa-twitter fa-lg white-text mr-md-5 mr-3 fa-2x"
                      />
                    </a>
                    <a
                      className="gplus-ic"
                    >
                      <i
                        className="fa fa-google-plus fa-lg white-text mr-md-5 mr-3 fa-2x"
                      />
                    </a>
                  </div>
                </div>,
                "className": "row",
              },
              "ref": null,
              "rendered": Object {
                "instance": null,
                "key": undefined,
                "nodeType": "host",
                "props": Object {
                  "children": <div
                    className="mb-5 flex-center"
                  >
                    <a
                      className="fb-ic"
                    >
                      <i
                        className="fa fa-facebook fa-lg white-text mr-md-5 mr-3 fa-2x"
                      />
                    </a>
                    <a
                      className="tw-ic"
                    >
                      <i
                        className="fa fa-twitter fa-lg white-text mr-md-5 mr-3 fa-2x"
                      />
                    </a>
                    <a
                      className="gplus-ic"
                    >
                      <i
                        className="fa fa-google-plus fa-lg white-text mr-md-5 mr-3 fa-2x"
                      />
                    </a>
                  </div>,
                  "className": "col-md-12 py-5",
                },
                "ref": null,
                "rendered": Object {
                  "instance": null,
                  "key": undefined,
                  "nodeType": "host",
                  "props": Object {
                    "children": Array [
                      <a
                        className="fb-ic"
                      >
                        <i
                          className="fa fa-facebook fa-lg white-text mr-md-5 mr-3 fa-2x"
                        />
                      </a>,
                      <a
                        className="tw-ic"
                      >
                        <i
                          className="fa fa-twitter fa-lg white-text mr-md-5 mr-3 fa-2x"
                        />
                      </a>,
                      <a
                        className="gplus-ic"
                      >
                        <i
                          className="fa fa-google-plus fa-lg white-text mr-md-5 mr-3 fa-2x"
                        />
                      </a>,
                    ],
                    "className": "mb-5 flex-center",
                  },
                  "ref": null,
                  "rendered": Array [
                    Object {
                      "instance": null,
                      "key": undefined,
                      "nodeType": "host",
                      "props": Object {
                        "children": <i
                          className="fa fa-facebook fa-lg white-text mr-md-5 mr-3 fa-2x"
                        />,
                        "className": "fb-ic",
                      },
                      "ref": null,
                      "rendered": Object {
                        "instance": null,
                        "key": undefined,
                        "nodeType": "host",
                        "props": Object {
                          "className": "fa fa-facebook fa-lg white-text mr-md-5 mr-3 fa-2x",
                        },
                        "ref": null,
                        "rendered": null,
                        "type": "i",
                      },
                      "type": "a",
                    },
                    Object {
                      "instance": null,
                      "key": undefined,
                      "nodeType": "host",
                      "props": Object {
                        "children": <i
                          className="fa fa-twitter fa-lg white-text mr-md-5 mr-3 fa-2x"
                        />,
                        "className": "tw-ic",
                      },
                      "ref": null,
                      "rendered": Object {
                        "instance": null,
                        "key": undefined,
                        "nodeType": "host",
                        "props": Object {
                          "className": "fa fa-twitter fa-lg white-text mr-md-5 mr-3 fa-2x",
                        },
                        "ref": null,
                        "rendered": null,
                        "type": "i",
                      },
                      "type": "a",
                    },
                    Object {
                      "instance": null,
                      "key": undefined,
                      "nodeType": "host",
                      "props": Object {
                        "children": <i
                          className="fa fa-google-plus fa-lg white-text mr-md-5 mr-3 fa-2x"
                        />,
                        "className": "gplus-ic",
                      },
                      "ref": null,
                      "rendered": Object {
                        "instance": null,
                        "key": undefined,
                        "nodeType": "host",
                        "props": Object {
                          "className": "fa fa-google-plus fa-lg white-text mr-md-5 mr-3 fa-2x",
                        },
                        "ref": null,
                        "rendered": null,
                        "type": "i",
                      },
                      "type": "a",
                    },
                  ],
                  "type": "div",
                },
                "type": "div",
              },
              "type": "div",
            },
            "type": "div",
          },
          Object {
            "instance": null,
            "key": undefined,
            "nodeType": "host",
            "props": Object {
              "children": Array [
                "© 2018 Copyright:",
                <a
                  href="#"
                >
                  AuthorsHaven.com
                </a>,
              ],
              "className": "footer-copyright text-center py-3",
            },
            "ref": null,
            "rendered": Array [
              "© 2018 Copyright:",
              Object {
                "instance": null,
                "key": undefined,
                "nodeType": "host",
                "props": Object {
                  "children": "AuthorsHaven.com",
                  "href": "#",
                },
                "ref": null,
                "rendered": "AuthorsHaven.com",
                "type": "a",
              },
            ],
            "type": "div",
          },
        ],
        "type": "footer",
      },
      "type": "div",
    },
  ],
  Symbol(enzyme.__options__): Object {
    "adapter": ReactSixteenAdapter {
      "options": Object {
        "enableComponentDidUpdateOnSetState": true,
        "lifecycles": Object {
          "componentDidUpdate": Object {
            "onSetState": true,
          },
          "getDerivedStateFromProps": true,
          "getSnapshotBeforeUpdate": true,
          "setState": Object {
            "skipsComponentDidUpdateOnNullish": true,
          },
        },
      },
    },
  },
}
`;
